// Jest Snapshot v1, https://goo.gl/fbAQLP

exports[`AdvancedDetailsCard should render with loading props 1`] = `
<View
  style={
    [
      {
        "borderRadius": 22,
        "flex": 1,
        "padding": 11,
      },
      {
        "marginBottom": 11,
        "marginLeft": 11,
        "marginRight": 11,
        "marginTop": 11,
      },
    ]
  }
>
  <BVLinearGradient
    colors={
      [
        452984831,
        452984831,
      ]
    }
    endPoint={
      {
        "x": 1,
        "y": 1,
      }
    }
    locations={null}
    startPoint={
      {
        "x": 0,
        "y": 0,
      }
    }
    style={
      {
        "borderRadius": 22,
        "bottom": 0,
        "left": 0,
        "overflow": "hidden",
        "position": "absolute",
        "right": 0,
        "top": 0,
      }
    }
  />
  <View
    style={
      {
        "flex": 1,
        "flexDirection": "column",
      }
    }
  >
    <View
      style={
        {
          "alignItems": "center",
          "backgroundColor": "rgba(255, 255, 255, 0)",
          "flex": 1,
          "flexDirection": "row",
          "paddingHorizontal": 11,
          "paddingVertical": 6,
        }
      }
    >
      <View
        style={
          {
            "flex": 1,
          }
        }
      >
        <Text
          adjustsFontSizeToFit={false}
          ellipsizeMode="tail"
          minimumFontScale={0.65}
          numberOfLines={1}
          style={
            [
              {
                "color": "#FFFFFF",
                "fontFamily": "Quicksand-Regular",
                "fontSize": 22,
                "includeFontPadding": false,
              },
              {
                "color": "#A4C7DF",
                "fontSize": 17,
                "paddingBottom": 6,
                "paddingRight": 22,
              },
              null,
            ]
          }
        >
          My Receive Addresses
        </Text>
        <Text
          adjustsFontSizeToFit={true}
          ellipsizeMode="tail"
          minimumFontScale={0.65}
          numberOfLines={3}
          style={
            [
              {
                "color": "#FFFFFF",
                "fontFamily": "Quicksand-Regular",
                "fontSize": 22,
                "includeFontPadding": false,
              },
              {
                "color": "#FFFFFF",
                "fontSize": 22,
              },
              null,
            ]
          }
        >
          123123123
        </Text>
      </View>
    </View>
  </View>
</View>
`;
