// Jest Snapshot v1, https://goo.gl/fbAQLP

exports[`PasswordReminderModal should render with loading props 1`] = `
<ModalUi4
  bridge={
    {
      "on": [Function],
      "onResult": [Function],
      "reject": [Function],
      "remove": [Function],
      "resolve": [Function],
    }
  }
  onCancel={[Function]}
  title="Remember your password?"
>
  <ScrollView
    style={
      {
        "maxHeight": 202,
      }
    }
  >
    <ModalMessage>
      You will need your password if your device gets lost or stolen, or if you uninstall the app.
    </ModalMessage>
    <ModalMessage>
      Enter it below to make sure:
    </ModalMessage>
  </ScrollView>
  <ForwardRef
    autoFocus={false}
    onChangeText={[Function]}
    onSubmitEditing={[Function]}
    placeholder="Password"
    secureTextEntry={true}
    value=""
  />
  <View
    style={
      {
        "margin": 11,
      }
    }
  />
  <Memo
    layout="column"
    primary={
      {
        "disabled": true,
        "label": "Check Password",
        "onPress": [Function],
      }
    }
    secondary={
      {
        "disabled": false,
        "label": "I forgot, change password",
        "onPress": [Function],
      }
    }
  />
</ModalUi4>
`;
