// Jest Snapshot v1, https://goo.gl/fbAQLP

exports[`ChangePinComponent should render with loading props 1`] = `
<SceneWrapper>
  <UNDEFINED
    account={{}}
    context={
      {
        "apiKey": "",
        "appId": "",
      }
    }
    onComplete={[Function]}
    onLogEvent={[Function]}
  />
</SceneWrapper>
`;
