// Jest Snapshot v1, https://goo.gl/fbAQLP

exports[`FioAddressSettingsComponent should render with loading props 1`] = `
<SceneWrapper
  scroll={true}
>
  <Memo(SceneHeaderComponent)
    title="Crypto Handle Settings"
    underline={true}
    withTopMargin={true}
  />
  <View
    style={
      {
        "margin": 11,
      }
    }
  >
    <CardUi4
      sections={true}
    >
      <RowUi4
        body="MyFioAddress"
        title="FIO Crypto Handle"
      />
    </CardUi4>
    <Memo
      secondary={
        {
          "label": "Top-Up Bundled Transactions",
          "onPress": [Function],
        }
      }
      secondary2={
        {
          "label": "Transfer FIO Address",
          "onPress": [Function],
        }
      }
    />
  </View>
</SceneWrapper>
`;
