// Jest Snapshot v1, https://goo.gl/fbAQLP

exports[`TransactionListRow should render with loading props 1`] = `
<View
  accessibilityState={
    {
      "disabled": false,
    }
  }
  accessibilityValue={
    {
      "max": undefined,
      "min": undefined,
      "now": undefined,
      "text": undefined,
    }
  }
  accessible={false}
  focusable={true}
  onClick={[Function]}
  onResponderGrant={[Function]}
  onResponderMove={[Function]}
  onResponderRelease={[Function]}
  onResponderTerminate={[Function]}
  onResponderTerminationRequest={[Function]}
  onStartShouldSetResponder={[Function]}
  style={
    {
      "backgroundColor": "rgb(22, 50, 58)",
      "borderRadius": 22,
      "flexDirection": "row",
      "margin": 11,
      "padding": 11,
    }
  }
>
  <View
    style={
      {
        "alignContent": "center",
        "justifyContent": "center",
        "margin": 6,
      }
    }
  >
    <View
      style={
        {
          "marginRight": 22,
        }
      }
    >
      <View
        style={
          [
            {
              "alignItems": "center",
              "borderRadius": 17,
              "borderWidth": 2,
              "height": 45,
              "justifyContent": "center",
              "width": 45,
              "zIndex": 1,
            },
            {
              "borderColor": "#E85466",
              "elevation": 3,
              "shadowColor": "#E85466",
              "shadowOffset": {
                "height": 0,
                "width": 0,
              },
              "shadowOpacity": 0.3,
              "shadowRadius": 11,
            },
            {
              "backgroundColor": "#1b2f3b",
            },
          ]
        }
      >
        <Text
          allowFontScaling={false}
          style={
            [
              {
                "color": "#E85466",
                "fontSize": 28,
              },
              {
                "marginLeft": 1,
              },
              {
                "fontFamily": "Ionicons",
                "fontStyle": "normal",
                "fontWeight": "normal",
              },
              {},
            ]
          }
        >
          
        </Text>
      </View>
      <View
        style={
          [
            {
              "overflow": "hidden",
            },
            {
              "borderRadius": 17,
              "height": 45,
              "position": "absolute",
              "width": 45,
            },
          ]
        }
      >
        <FastImageView
          resizeMode="cover"
          source={
            {
              "uri": undefined,
            }
          }
          style={
            {
              "bottom": 0,
              "left": 0,
              "position": "absolute",
              "right": 0,
              "top": 0,
            }
          }
        />
      </View>
    </View>
  </View>
  <View
    style={
      {
        "flex": 1,
        "flexDirection": "column",
      }
    }
  >
    <View
      style={
        {
          "flex": 1,
          "flexDirection": "column",
        }
      }
    >
      <View
        accessibilityState={
          {
            "disabled": false,
          }
        }
        accessibilityValue={
          {
            "max": undefined,
            "min": undefined,
            "now": undefined,
            "text": undefined,
          }
        }
        accessible={false}
        focusable={true}
        onClick={[Function]}
        onResponderGrant={[Function]}
        onResponderMove={[Function]}
        onResponderRelease={[Function]}
        onResponderTerminate={[Function]}
        onResponderTerminationRequest={[Function]}
        onStartShouldSetResponder={[Function]}
      >
        <View
          style={
            {
              "alignItems": "center",
              "backgroundColor": "rgba(255, 255, 255, 0)",
              "flexDirection": "row",
              "paddingHorizontal": 11,
              "paddingVertical": 6,
            }
          }
        >
          <View
            style={
              {
                "flex": 1,
              }
            }
          >
            <View
              style={
                {
                  "flexDirection": "row",
                }
              }
            >
              <Text
                adjustsFontSizeToFit={true}
                minimumFontScale={0.65}
                numberOfLines={1}
                style={
                  [
                    {
                      "color": "#FFFFFF",
                      "fontFamily": "Quicksand-Regular",
                      "fontSize": 22,
                      "includeFontPadding": false,
                    },
                    {
                      "flex": 1,
                      "fontFamily": "Quicksand-Medium",
                    },
                    null,
                  ]
                }
              >
                Sent Bitcoin
              </Text>
              <Text
                adjustsFontSizeToFit={true}
                minimumFontScale={0.65}
                numberOfLines={1}
                style={
                  [
                    {
                      "color": "#FFFFFF",
                      "fontFamily": "Quicksand-Regular",
                      "fontSize": 22,
                      "includeFontPadding": false,
                    },
                    {
                      "color": "#E85466",
                      "fontFamily": "Quicksand-Medium",
                      "marginLeft": 11,
                      "textAlign": "right",
                    },
                    null,
                  ]
                }
              >
                - ₿ 0.001
              </Text>
            </View>
          </View>
          <View
            style={
              {
                "alignItems": "center",
                "justifyContent": "center",
              }
            }
          />
        </View>
      </View>
      <View
        style={
          {
            "borderBottomColor": "rgba(255, 255, 255, .1)",
            "borderBottomWidth": 1,
            "height": 1,
            "marginHorizontal": 11,
          }
        }
      />
      <View
        accessibilityState={
          {
            "disabled": false,
          }
        }
        accessibilityValue={
          {
            "max": undefined,
            "min": undefined,
            "now": undefined,
            "text": undefined,
          }
        }
        accessible={false}
        focusable={true}
        onClick={[Function]}
        onResponderGrant={[Function]}
        onResponderMove={[Function]}
        onResponderRelease={[Function]}
        onResponderTerminate={[Function]}
        onResponderTerminationRequest={[Function]}
        onStartShouldSetResponder={[Function]}
      >
        <View
          style={
            {
              "alignItems": "center",
              "backgroundColor": "rgba(255, 255, 255, 0)",
              "flexDirection": "row",
              "paddingHorizontal": 11,
              "paddingVertical": 6,
            }
          }
        >
          <View
            style={
              {
                "flex": 1,
              }
            }
          >
            <View
              style={
                {
                  "flexDirection": "row",
                }
              }
            >
              <View
                style={
                  {
                    "flex": 1,
                  }
                }
              >
                <Text
                  adjustsFontSizeToFit={true}
                  minimumFontScale={0.65}
                  numberOfLines={1}
                  style={
                    [
                      {
                        "color": "#FFFFFF",
                        "fontFamily": "Quicksand-Regular",
                        "fontSize": 22,
                        "includeFontPadding": false,
                      },
                      {
                        "color": "#F1AA19",
                        "fontSize": 17,
                      },
                      null,
                    ]
                  }
                >
                  Synchronizing
                </Text>
              </View>
              <Text
                adjustsFontSizeToFit={true}
                minimumFontScale={0.65}
                numberOfLines={1}
                style={
                  [
                    {
                      "color": "#FFFFFF",
                      "fontFamily": "Quicksand-Regular",
                      "fontSize": 22,
                      "includeFontPadding": false,
                    },
                    {
                      "color": "#A4C7DF",
                      "fontSize": 17,
                      "textAlign": "right",
                    },
                    null,
                  ]
                }
              >
                $ 0.00
              </Text>
            </View>
          </View>
          <View
            style={
              {
                "alignItems": "center",
                "justifyContent": "center",
              }
            }
          />
        </View>
      </View>
    </View>
  </View>
</View>
`;
