// Jest Snapshot v1, https://goo.gl/fbAQLP

exports[`WalletListHeader should render with loading props 1`] = `
<React.Fragment>
  <View
    style={
      {
        "alignItems": "center",
        "flexDirection": "row",
        "justifyContent": "center",
        "marginHorizontal": 11,
        "marginTop": 11,
      }
    }
  >
    <View
      style={
        {
          "flex": 1,
          "flexDirection": "column",
        }
      }
    >
      <ForwardRef
        iconComponent={[Function]}
        onChangeText={[Function]}
        onFocus={[Function]}
        placeholder="Search Wallets"
        returnKeyType="search"
        value="string"
      />
    </View>
    <TouchableOpacity
      onPress={[Function]}
      style={
        {
          "justifyContent": "center",
          "paddingLeft": 17,
        }
      }
    >
      <WithTheme(EdgeTextComponent)
        style={
          {
            "color": "#00f1a2",
          }
        }
      >
        Done
      </WithTheme(EdgeTextComponent)>
    </TouchableOpacity>
  </View>
</React.Fragment>
`;
