// Jest Snapshot v1, https://goo.gl/fbAQLP

exports[`initialState 1`] = `
{
  "fromNativeAmount": "0",
  "fromTokenId": null,
  "fromWalletId": null,
  "toNativeAmount": "0",
  "toTokenId": null,
  "toWalletId": null,
}
`;
